
==================================== ERRORS ====================================
___ ERROR collecting tests/workers/test_megatron_distillation_only_on_cpu.py ___
ImportError while importing test module '/data/minjaeoh/vopd-upstream/repos/verl/tests/workers/test_megatron_distillation_only_on_cpu.py'.
Hint: make sure your test modules/packages have valid Python names.
Traceback:
/usr/lib/python3.12/importlib/__init__.py:90: in import_module
    return _bootstrap._gcd_import(name[level:], package, level)
           ^^^^^^^^^^^^^^^^^^^^^^^^^^^^^^^^^^^^^^^^^^^^^^^^^^^^
repos/verl/tests/workers/test_megatron_distillation_only_on_cpu.py:36: in <module>
    from verl.workers.engine.megatron.transformer_impl import MegatronEngineWithLMHead
repos/verl/verl/workers/engine/megatron/__init__.py:24: in <module>
    from .transformer_impl import MegatronEngine, MegatronEngineWithLMHead, MegatronEngineWithValueHead  # noqa: E402
    ^^^^^^^^^^^^^^^^^^^^^^^^^^^^^^^^^^^^^^^^^^^^^^^^^^^^^^^^^^^^^^^^^^^^^^^^^^^^^^^^^^^^^^^^^^^^^^^^^^^
repos/verl/verl/workers/engine/megatron/transformer_impl.py:23: in <module>
    from megatron.core import parallel_state as mpu
E   ModuleNotFoundError: No module named 'megatron'
=========================== short test summary info ============================
ERROR repos/verl/tests/workers/test_megatron_distillation_only_on_cpu.py
!!!!!!!!!!!!!!!!!!!! Interrupted: 1 error during collection !!!!!!!!!!!!!!!!!!!!
6 warnings, 1 error in 7.85s
